../Core/Src/HX711.c:11:6:hx711_delay_us	0	static
../Core/Src/HX711.c:20:6:hx711_lock	8	static
../Core/Src/HX711.c:27:6:hx711_unlock	0	static
../Core/Src/HX711.c:60:9:hx711_value	16	static
../Core/Src/HX711.c:32:6:hx711_init	64	static
../Core/Src/HX711.c:88:9:hx711_value_ave	24	static
../Core/Src/HX711.c:102:6:hx711_tare	24	static
../Core/Src/HX711.c:115:6:hx711_calibration	24	static
../Core/Src/HX711.c:123:7:hx711_weight	24	static
../Core/Src/HX711.c:138:6:hx711_coef_set	0	static
../Core/Src/HX711.c:143:7:hx711_coef_get	0	static
../Core/Src/HX711.c:148:6:hx711_power_down	8	static
../Core/Src/HX711.c:155:6:hx711_power_up	0	static
